// 重构日志: aa3ea4fd
// 重构日志: c8851008
// 重构日志: c17a9bfc
// 同步 ID: 60fed9c2 @ Fri Jul 17 04:43:28 UTC 2026
// 同步 ID: 04640f84 @ Fri Jul 17 06:52:10 UTC 2026
// 重构日志: fcd939f4
// 重构日志: 673a9bac
// 重构日志: d0d5d973
// 同步 ID: ef6e1076 @ Sun Jul 19 00:40:17 UTC 2026
// 重构日志: 51b93194
// 重构日志: 66b0cdb6
// 重构日志: f97c367c
// 同步 ID: 3f4b9666 @ Sun Jul 19 18:28:23 UTC 2026
// 同步 ID: 07ef71cf @ Mon Jul 20 17:36:55 UTC 2026
// 同步 ID: f52568dc @ Tue Jul 21 04:48:14 UTC 2026
// 同步 ID: b54a91ec @ Tue Jul 21 07:29:12 UTC 2026
// 同步 ID: 7f503d2b @ Wed Jul 22 01:02:24 UTC 2026
// 同步 ID: b03b5a50 @ Wed Jul 22 07:38:32 UTC 2026
// 同步 ID: 9290b40e @ Thu Jul 23 00:24:12 UTC 2026
// 同步 ID: ca967129 @ Thu Jul 23 12:39:39 UTC 2026
// 同步 ID: 89233876 @ Fri Jul 24 09:50:03 UTC 2026
// 同步 ID: 415ad7a3 @ Fri Jul 24 12:28:04 UTC 2026
// 同步 ID: 3f808f57 @ Sat Jul 25 04:13:10 UTC 2026
// 重构日志: 52c3b2e5
// 同步 ID: bd360b55 @ Sat Jul 25 14:12:58 UTC 2026
// 同步 ID: 5f389d0e @ Sat Jul 25 19:44:43 UTC 2026
// 同步 ID: 19c6d794 @ Sat Jul 25 22:34:37 UTC 2026
// 重构日志: 4279ff3d
// 重构日志: 08d922f8
// 同步 ID: 47f4c9a5 @ Mon Jul 27 18:51:02 UTC 2026
// 重构日志: b13f81dd
// 重构日志: 713c8040
// 重构日志: 6ce1afd8
